2026-06-12T05:02Z  RX B929 :: ack
2026-06-12T05:02Z  TX ▓▓ 32 35 36 3E 7A 2E 32 3F 7A 36 33 34 3F
2026-06-13T05:02Z  RX AD3E :: ack
2026-06-13T05:02Z  TX ▓▓ 39 35 2A 23
2026-06-14T05:02Z  RX 184B :: ack
2026-06-14T05:02Z  TX ▓▓ 2F 34 3E 3F 28 29 2E 35 35 3E
2026-06-15T05:02Z  RX 147E :: ack
2026-06-15T05:02Z  TX ▓▓ 29 2E 33 36 36 7A 32 3F 28 3F
2026-06-16T05:02Z  RX 91E2 :: ack
2026-06-16T05:02Z  TX ▓▓ 38 2F 28 34 7A 3B 3C 2E 3F 28
2026-06-17T05:02Z  RX D0F1 :: ack
2026-06-17T05:02Z  TX ▓▓ 32 35 36 3E 7A 2E 32 3F 7A 36 33 34 3F
2026-06-18T05:02Z  RX 601B :: ack
2026-06-18T05:02Z  TX ▓▓ 2F 34 3E 3F 28 29 2E 35 35 3E
2026-06-19T05:02Z  RX 0819 :: ack
2026-06-19T05:02Z  TX ▓▓ 32 3F 3B 28 3E
2026-06-20T05:02Z  RX EF2B :: ack
2026-06-20T05:02Z  TX ▓▓ 29 3B 37 3F 7A 2E 33 37 3F
2026-06-21T05:02Z  RX 72EA :: ack
2026-06-21T05:02Z  TX ▓▓ 38 2F 28 34 7A 3B 3C 2E 3F 28
2026-06-22T05:02Z  RX B655 :: ack
2026-06-22T05:02Z  TX ▓▓ 29 3B 37 3F 7A 2E 33 37 3F
2026-06-23T22:12Z  RX C1C2 :: ack
2026-06-23T22:12Z  TX ▓▓ 28 3F 39 3F 33 2C 3F 3E
2026-06-24T08:18Z  RX 1F6A :: ack
2026-06-24T08:18Z  TX ▓▓ 3D 35 7A 3E 3B 28 31
2026-06-25T08:18Z  RX DAD3 :: ack
2026-06-25T08:18Z  TX ▓▓ 29 3B 37 3F 7A 2E 33 37 3F
2026-06-26T08:26Z  RX 0FE4 :: ack
2026-06-26T08:26Z  TX ▓▓ 3D 35 7A 3E 3B 28 31
2026-06-27T07:44Z  RX 45B1 :: ack
2026-06-27T07:44Z  TX ▓▓ 3B 3D 3B 33 34
2026-06-28T08:17Z  RX 1850 :: ack
2026-06-28T08:17Z  TX ▓▓ 39 35 2A 23
2026-06-29T09:23Z  RX D563 :: ack
2026-06-29T09:23Z  TX ▓▓ 29 2E 33 36 36 7A 32 3F 28 3F
2026-06-30T08:25Z  RX 39F4 :: ack
2026-06-30T08:25Z  TX ▓▓ 29 3B 37 3F 7A 2E 33 37 3F
2026-07-01T08:45Z  RX DFF6 :: ack
2026-07-01T08:45Z  TX ▓▓ 39 35 2A 23
2026-07-02T08:09Z  RX 2B22 :: ack
2026-07-02T08:09Z  TX ▓▓ 39 35 2A 23
2026-07-03T07:56Z  RX 75BD :: ack
2026-07-03T07:56Z  TX ▓▓ 3B 3D 3B 33 34
2026-07-04T07:39Z  RX FDD5 :: ack
2026-07-04T07:39Z  TX ▓▓ 32 3F 3B 28 3E
2026-07-05T07:52Z  RX 29D6 :: ack
2026-07-05T07:52Z  TX ▓▓ 29 2E 33 36 36 7A 32 3F 28 3F
2026-07-06T08:55Z  RX 1D2B :: ack
2026-07-06T08:55Z  TX ▓▓ 38 2F 28 34 7A 3B 3C 2E 3F 28
2026-07-07T08:16Z  RX F7C4 :: ack
2026-07-07T08:16Z  TX ▓▓ 29 3B 37 3F 7A 2E 33 37 3F
2026-07-08T07:23Z  RX 4AF3 :: ack
2026-07-08T07:23Z  TX ▓▓ 3B 3D 3B 33 34
2026-07-09T08:21Z  RX E3CA :: ack
2026-07-09T08:21Z  TX ▓▓ 3B 3D 3B 33 34
2026-07-10T08:16Z  RX C6BE :: ack
2026-07-10T08:16Z  TX ▓▓ 34 35 7A 2E 28 3B 39 3F
2026-07-11T07:07Z  RX E6AA :: ack
2026-07-11T07:07Z  TX ▓▓ 39 35 2A 23
2026-07-12T07:25Z  RX DA50 :: ack
2026-07-12T07:25Z  TX ▓▓ 29 2E 33 36 36 7A 32 3F 28 3F
2026-07-13T08:11Z  RX A9E1 :: ack
2026-07-13T08:11Z  TX ▓▓ 38 2F 28 34 7A 3B 3C 2E 3F 28
2026-07-14T07:05Z  RX FC1D :: ack
2026-07-14T07:05Z  TX ▓▓ 29 2E 33 36 36 7A 32 3F 28 3F
2026-07-15T07:08Z  RX 2B40 :: ack
2026-07-15T07:08Z  TX ▓▓ 2F 34 3E 3F 28 29 2E 35 35 3E
2026-07-16T07:18Z  RX 251E :: ack
2026-07-16T07:18Z  TX ▓▓ 2F 34 3E 3F 28 29 2E 35 35 3E
2026-07-17T07:12Z  RX BA83 :: ack
2026-07-17T07:12Z  TX ▓▓ 29 3B 37 3F 7A 2E 33 37 3F
2026-07-18T06:55Z  RX 8CA9 :: ack
2026-07-18T06:55Z  TX ▓▓ 29 2E 33 36 36 7A 32 3F 28 3F
2026-07-19T07:23Z  RX 72F3 :: ack
2026-07-19T07:23Z  TX ▓▓ 34 35 7A 2E 28 3B 39 3F
2026-07-20T07:52Z  RX 98D5 :: ack
2026-07-20T07:52Z  TX ▓▓ 29 2E 33 36 36 7A 32 3F 28 3F
2026-07-21T07:28Z  RX D6D0 :: ack
2026-07-21T07:28Z  TX ▓▓ 39 35 2A 23
2026-07-22T07:30Z  RX AAC1 :: ack
2026-07-22T07:30Z  TX ▓▓ 32 3F 3B 28 3E
2026-07-23T07:27Z  RX AFB0 :: ack
2026-07-23T07:27Z  TX ▓▓ 32 3F 3B 28 3E
2026-07-24T07:26Z  RX 8743 :: ack
2026-07-24T07:26Z  TX ▓▓ 3B 3D 3B 33 34
2026-07-25T07:10Z  RX A481 :: ack
2026-07-25T07:10Z  TX ▓▓ 29 3B 37 3F 7A 2E 33 37 3F
2026-07-26T07:31Z  RX 4225 :: ack
2026-07-26T07:31Z  TX ▓▓ 29 2E 33 36 36 7A 32 3F 28 3F
2026-07-27T08:23Z  RX 5765 :: ack
2026-07-27T08:23Z  TX ▓▓ 29 2E 33 36 36 7A 32 3F 28 3F
2026-07-28T07:34Z  RX E4C3 :: ack
2026-07-28T07:34Z  TX ▓▓ 29 3B 37 3F 7A 2E 33 37 3F
2026-07-29T07:38Z  RX 9C5A :: ack
2026-07-29T07:38Z  TX ▓▓ 32 35 36 3E 7A 2E 32 3F 7A 36 33 34 3F
2026-07-30T07:29Z  RX AA9B :: ack
2026-07-30T07:29Z  TX ▓▓ 39 35 2A 23
2026-07-31T07:45Z  RX 190E :: ack
2026-07-31T07:45Z  TX ▓▓ 38 2F 28 34 7A 3B 3C 2E 3F 28
2026-08-01T07:23Z  RX DE15 :: ack
2026-08-01T07:23Z  TX ▓▓ 2F 34 3E 3F 28 29 2E 35 35 3E
2026-08-02T07:27Z  RX F809 :: ack
2026-08-02T07:27Z  TX ▓▓ 29 3B 37 3F 7A 2E 33 37 3F
2026-08-03T08:22Z  RX 5B53 :: ack
2026-08-03T08:22Z  TX ▓▓ 3D 35 7A 3E 3B 28 31
2026-08-04T07:31Z  RX B466 :: ack
2026-08-04T07:31Z  TX ▓▓ 2F 34 3E 3F 28 29 2E 35 35 3E
2026-08-05T07:33Z  RX 0D6C :: ack
2026-08-05T07:33Z  TX ▓▓ 34 35 7A 2E 28 3B 39 3F
2026-08-06T07:34Z  RX 9DBB :: ack
2026-08-06T07:34Z  TX ▓▓ 3B 3D 3B 33 34
2026-08-07T06:05Z  RX C652 :: ack
2026-08-07T06:05Z  TX ▓▓ 34 35 7A 2E 28 3B 39 3F
2026-08-08T05:36Z  RX 9710 :: ack
2026-08-08T05:36Z  TX ▓▓ 39 35 2A 23
2026-08-09T05:41Z  RX 4358 :: ack
2026-08-09T05:41Z  TX ▓▓ 28 3F 39 3F 33 2C 3F 3E
2026-08-10T06:07Z  RX 5AB6 :: ack
2026-08-10T06:07Z  TX ▓▓ 29 2E 33 36 36 7A 32 3F 28 3F
2026-08-11T05:48Z  RX BF83 :: ack
2026-08-11T05:48Z  TX ▓▓ 34 35 7A 2E 28 3B 39 3F
2026-08-12T06:07Z  RX 1771 :: ack
2026-08-12T06:07Z  TX ▓▓ 38 2F 28 34 7A 3B 3C 2E 3F 28
2026-08-13T06:10Z  RX 4FC3 :: ack
2026-08-13T06:10Z  TX ▓▓ 28 3F 39 3F 33 2C 3F 3E
2026-08-14T06:07Z  RX 0208 :: ack
2026-08-14T06:07Z  TX ▓▓ 3B 3D 3B 33 34
2026-08-15T05:17Z  RX FEA7 :: ack
2026-08-15T05:17Z  TX ▓▓ 34 35 7A 2E 28 3B 39 3F
2026-08-16T05:20Z  RX CF41 :: ack
2026-08-16T05:20Z  TX ▓▓ 29 3B 37 3F 7A 2E 33 37 3F
2026-08-17T05:27Z  RX BDE7 :: ack
2026-08-17T05:27Z  TX ▓▓ 28 3F 39 3F 33 2C 3F 3E
2026-08-18T05:21Z  RX 83CC :: ack
2026-08-18T05:21Z  TX ▓▓ 28 3F 39 3F 33 2C 3F 3E
2026-08-19T05:21Z  RX FEC7 :: ack
2026-08-19T05:21Z  TX ▓▓ 29 3B 37 3F 7A 2E 33 37 3F
2026-08-20T05:22Z  RX F1E2 :: ack
2026-08-20T05:22Z  TX ▓▓ 3D 35 7A 3E 3B 28 31
2026-08-21T05:24Z  RX 4D33 :: ack
2026-08-21T05:24Z  TX ▓▓ 32 35 36 3E 7A 2E 32 3F 7A 36 33 34 3F
2026-08-22T05:19Z  RX 6DD7 :: ack
2026-08-22T05:19Z  TX ▓▓ 3B 3D 3B 33 34
2026-08-23T05:21Z  RX A901 :: ack
2026-08-23T05:21Z  TX ▓▓ 32 35 36 3E 7A 2E 32 3F 7A 36 33 34 3F
2026-08-24T05:31Z  RX A80D :: ack
2026-08-24T05:31Z  TX ▓▓ 29 2E 33 36 36 7A 32 3F 28 3F
2026-08-25T05:24Z  RX 58A6 :: ack
2026-08-25T05:24Z  TX ▓▓ 3B 3D 3B 33 34
2026-08-26T05:26Z  RX 4A01 :: ack
2026-08-26T05:26Z  TX ▓▓ 29 2E 33 36 36 7A 32 3F 28 3F
2026-08-27T16:01Z  RX 5ED8 :: ack
2026-08-27T16:01Z  TX ▓▓ 34 35 7A 2E 28 3B 39 3F
2026-08-28T17:05Z  RX AC15 :: ack
2026-08-28T17:05Z  TX ▓▓ 32 35 36 3E 7A 2E 32 3F 7A 36 33 34 3F
2026-08-29T11:25Z  RX 40E0 :: ack
2026-08-29T11:25Z  TX ▓▓ 3B 3D 3B 33 34
2026-08-30T10:12Z  RX 10B9 :: ack
2026-08-30T10:12Z  TX ▓▓ 29 2E 33 36 36 7A 32 3F 28 3F
2026-08-31T11:15Z  RX 9D91 :: ack
2026-08-31T11:15Z  TX ▓▓ 39 35 2A 23
2026-09-01T09:41Z  RX 61E1 :: ack
2026-09-01T09:41Z  TX ▓▓ 31 3F 3F 2A 7A 36 35 2D
2026-09-02T09:12Z  RX 4DEF :: ack
2026-09-02T09:12Z  TX ▓▓ 31 3F 3F 2A 7A 36 35 2D
2026-09-03T09:20Z  RX 9D46 :: ack
2026-09-03T09:20Z  TX ▓▓ 29 2E 33 36 36 7A 32 3F 28 3F
2026-09-04T09:13Z  RX 4BA3 :: ack
2026-09-04T09:13Z  TX ▓▓ 3D 35 7A 3E 3B 28 31
